// Jest Snapshot v1, https://goo.gl/fbAQLP

exports[`>>>Demopage --- Snapshot +++capturing Snapshot of DemoPage 1`] = `
<div
  className="DemoPageWrapper"
/>
`;
